// Jest Snapshot v1, https://goo.gl/fbAQLP

exports[`renders correctly 1`] = `
<Provider
  store="redux-store"
>
  <NavigationContainer>
    <StatusBar
      backgroundColor="#FFF"
      barStyle="dark-content"
    />
    <Navigation />
  </NavigationContainer>
</Provider>
`;
