// Jest Snapshot v1, https://goo.gl/fbAQLP

exports[`should render properly 1`] = `
<RCTSafeAreaView
  emulateUnlessSupported={true}
>
  <View>
    <Text>
      Welcome
    </Text>
  </View>
</RCTSafeAreaView>
`;
